// Jest Snapshot v1, https://goo.gl/fbAQLP

exports[`Test ReactTags classNames should pass classNames correctly to the DOM element 1`] = `
<div>
  <div
    class="tags-class react-tags-wrapper"
  >
    <p
      class="sr-only"
      role="alert"
      style="position: absolute; overflow: hidden; margin: -1px; padding: 0px; width: 1px; height: 1px; border: 0px;"
    />
    <div
      class="selected-class"
    >
      <div
        class="tagInput-class"
      >
        <input
          aria-label="tags"
          class="tagInputField-class"
          data-automation="input"
          data-testid="input"
          placeholder="Press enter to add new tag"
          type="text"
          value=""
        />
      </div>
    </div>
  </div>
</div>
`;

exports[`Test ReactTags should render with expected props 1`] = `
{
  "allowAdditionFromPaste": true,
  "allowDeleteFromEmptyInput": false,
  "allowDragDrop": true,
  "allowUnique": true,
  "autoFocus": true,
  "autocomplete": false,
  "autofocus": true,
  "clearAll": false,
  "delimiters": [
    10,
    13,
    9,
  ],
  "editable": false,
  "handleAddition": [Function],
  "handleClearAll": [Function],
  "handleDelete": [Function],
  "handleDrag": [Function],
  "inline": true,
  "inputFieldPosition": "inline",
  "inputProps": {},
  "labelField": "text",
  "onTagUpdate": [Function],
  "placeholder": "Press enter to add new tag",
  "readOnly": false,
  "suggestions": [
    {
      "className": "",
      "id": "Banana",
      "text": "Banana",
    },
    {
      "className": "",
      "id": "Apple",
      "text": "Apple",
    },
    {
      "className": "",
      "id": "Apricot",
      "text": "Apricot",
    },
    {
      "className": "",
      "id": "Pear",
      "text": "Pear",
    },
    {
      "className": "",
      "id": "Peach",
      "text": "Peach",
    },
  ],
  "tags": [
    {
      "className": "",
      "id": "Apple",
      "text": "Apple",
    },
  ],
}
`;
